Archive member included because of file (symbol)

BSP/\libhal_bsp.a(alt_load.o)
                              BSP//obj/HAL/src/crt0.o (alt_load)
BSP/\libhal_bsp.a(alt_main.o)
                              BSP//obj/HAL/src/crt0.o (alt_main)
BSP/\libhal_bsp.a(alt_sys_init.o)
                              BSP/\libhal_bsp.a(alt_main.o) (alt_irq_init)
BSP/\libhal_bsp.a(altera_avalon_timer_sc.o)
                              BSP/\libhal_bsp.a(alt_sys_init.o) (alt_avalon_timer_sc_init)
BSP/\libhal_bsp.a(altera_up_avalon_character_lcd.o)
                              obj/default//H/engr220/lab11/ENGR220_Lab11_Example.o (alt_up_character_lcd_string)
BSP/\libhal_bsp.a(altera_up_avalon_rs232.o)
                              BSP/\libhal_bsp.a(alt_sys_init.o) (alt_up_rs232_read_fd)
BSP/\libhal_bsp.a(alt_close.o)
                              BSP/\libhal_bsp.a(alt_main.o) (close)
BSP/\libhal_bsp.a(alt_dcache_flush_all.o)
                              BSP/\libhal_bsp.a(alt_load.o) (alt_dcache_flush_all)
BSP/\libhal_bsp.a(alt_dev.o)  BSP/\libhal_bsp.a(alt_sys_init.o) (alt_dev_list)
BSP/\libhal_bsp.a(alt_dev_llist_insert.o)
                              BSP/\libhal_bsp.a(alt_sys_init.o) (alt_dev_llist_insert)
BSP/\libhal_bsp.a(alt_errno.o)
                              BSP/\libhal_bsp.a(alt_close.o) (alt_errno)
BSP/\libhal_bsp.a(alt_find_dev.o)
                              BSP/\libhal_bsp.a(altera_up_avalon_character_lcd.o) (alt_find_dev)
BSP/\libhal_bsp.a(alt_icache_flush_all.o)
                              BSP/\libhal_bsp.a(alt_load.o) (alt_icache_flush_all)
BSP/\libhal_bsp.a(alt_irq_register.o)
                              BSP/\libhal_bsp.a(altera_avalon_timer_sc.o) (alt_irq_register)
BSP/\libhal_bsp.a(alt_irq_vars.o)
                              BSP/\libhal_bsp.a(alt_irq_register.o) (alt_irq_active)
BSP/\libhal_bsp.a(alt_release_fd.o)
                              BSP/\libhal_bsp.a(alt_close.o) (alt_release_fd)
BSP/\libhal_bsp.a(alt_tick.o)
                              BSP/\libhal_bsp.a(altera_avalon_timer_sc.o) (alt_tick)
BSP/\libhal_bsp.a(altera_nios2_qsys_irq.o)
                              BSP/\libhal_bsp.a(alt_sys_init.o) (altera_nios2_qsys_irq_init)
BSP/\libhal_bsp.a(alt_icache_flush.o)
                              BSP/\libhal_bsp.a(alt_icache_flush_all.o) (alt_icache_flush)
BSP/\libhal_bsp.a(alt_irq_entry.o)
                              BSP/\libhal_bsp.a(alt_irq_register.o) (alt_irq_entry)
BSP/\libhal_bsp.a(alt_irq_handler.o)
                              BSP/\libhal_bsp.a(alt_irq_register.o) (alt_irq_handler)
BSP/\libhal_bsp.a(alt_exception_entry.o)
                              BSP/\libhal_bsp.a(alt_irq_entry.o) (alt_exception)
c:/altera/13sp1/nios2eds/bin/gnu/h-i686-mingw32/bin/../lib/gcc/nios2-elf/4.1.2/../../../../nios2-elf/lib\libc.a(lib_a-exit.o)
                              BSP/\libhal_bsp.a(alt_main.o) (exit)
c:/altera/13sp1/nios2eds/bin/gnu/h-i686-mingw32/bin/../lib/gcc/nios2-elf/4.1.2/../../../../nios2-elf/lib\libc.a(lib_a-impure.o)
                              c:/altera/13sp1/nios2eds/bin/gnu/h-i686-mingw32/bin/../lib/gcc/nios2-elf/4.1.2/../../../../nios2-elf/lib\libc.a(lib_a-exit.o) (_global_impure_ptr)
c:/altera/13sp1/nios2eds/bin/gnu/h-i686-mingw32/bin/../lib/gcc/nios2-elf/4.1.2/../../../../nios2-elf/lib\libc.a(lib_a-int_errno.o)
                              BSP/\libhal_bsp.a(alt_close.o) (errno)
c:/altera/13sp1/nios2eds/bin/gnu/h-i686-mingw32/bin/../lib/gcc/nios2-elf/4.1.2/../../../../nios2-elf/lib\libc.a(lib_a-memcmp.o)
                              BSP/\libhal_bsp.a(alt_find_dev.o) (memcmp)
c:/altera/13sp1/nios2eds/bin/gnu/h-i686-mingw32/bin/../lib/gcc/nios2-elf/4.1.2/../../../../nios2-elf/lib\libc.a(lib_a-strlen.o)
                              BSP/\libhal_bsp.a(alt_find_dev.o) (strlen)
c:/altera/13sp1/nios2eds/bin/gnu/h-i686-mingw32/bin/../lib/gcc/nios2-elf/4.1.2/../../../../nios2-elf/lib\libc.a(lib_a-__call_atexit.o)
                              c:/altera/13sp1/nios2eds/bin/gnu/h-i686-mingw32/bin/../lib/gcc/nios2-elf/4.1.2/../../../../nios2-elf/lib\libc.a(lib_a-exit.o) (__call_exitprocs)
BSP/\libhal_bsp.a(alt_exit.o)
                              c:/altera/13sp1/nios2eds/bin/gnu/h-i686-mingw32/bin/../lib/gcc/nios2-elf/4.1.2/../../../../nios2-elf/lib\libc.a(lib_a-exit.o) (_exit)

Allocating common symbols
Common symbol       size              file

alt_irq             0x100             BSP/\libhal_bsp.a(alt_irq_handler.o)
errno               0x4               c:/altera/13sp1/nios2eds/bin/gnu/h-i686-mingw32/bin/../lib/gcc/nios2-elf/4.1.2/../../../../nios2-elf/lib\libc.a(lib_a-int_errno.o)

Memory Configuration

Name             Origin             Length             Attributes
reset            0x00000000         0x00000020
RAM              0x00000020         0x00007fe0
*default*        0x00000000         0xffffffff

Linker script and memory map

LOAD BSP//obj/HAL/src/crt0.o
LOAD obj/default//H/engr220/lab11/ENGR220_Lab11_Example.o
LOAD c:/altera/13sp1/nios2eds/bin/gnu/h-i686-mingw32/bin/../lib/gcc/nios2-elf/4.1.2/../../../../nios2-elf/lib\libstdc++.a
LOAD c:/altera/13sp1/nios2eds/bin/gnu/h-i686-mingw32/bin/../lib/gcc/nios2-elf/4.1.2/../../../../nios2-elf/lib\libm.a
LOAD c:/altera/13sp1/nios2eds/bin/gnu/h-i686-mingw32/bin/../lib/gcc/nios2-elf/4.1.2\libgcc.a
START GROUP
LOAD c:/altera/13sp1/nios2eds/bin/gnu/h-i686-mingw32/bin/../lib/gcc/nios2-elf/4.1.2/../../../../nios2-elf/lib\libc.a
LOAD c:/altera/13sp1/nios2eds/bin/gnu/h-i686-mingw32/bin/../lib/gcc/nios2-elf/4.1.2\libgcc.a
LOAD BSP/\libhal_bsp.a
END GROUP
LOAD c:/altera/13sp1/nios2eds/bin/gnu/h-i686-mingw32/bin/../lib/gcc/nios2-elf/4.1.2\libgcc.a
                0x00000000                __alt_mem_RAM = 0x0

.entry          0x00000000       0x20
 *(.entry)
 .entry         0x00000000       0x20 BSP//obj/HAL/src/crt0.o
                0x00000000                __reset

.exceptions     0x00000020      0x148
                0x00000020                PROVIDE (__ram_exceptions_start, ABSOLUTE (.))
                0x00000020                . = ALIGN (0x20)
 *(.irq)
 *(.exceptions.entry.label)
 .exceptions.entry.label
                0x00000020        0x0 BSP/\libhal_bsp.a(alt_irq_entry.o)
                0x00000020                alt_irq_entry
 .exceptions.entry.label
                0x00000020        0x0 BSP/\libhal_bsp.a(alt_exception_entry.o)
                0x00000020                alt_exception
 *(.exceptions.entry.user)
 *(.exceptions.entry)
 .exceptions.entry
                0x00000020       0x54 BSP/\libhal_bsp.a(alt_exception_entry.o)
 *(.exceptions.irqtest.user)
 *(.exceptions.irqtest)
 .exceptions.irqtest
                0x00000074       0x10 BSP/\libhal_bsp.a(alt_irq_entry.o)
 *(.exceptions.irqhandler.user)
 *(.exceptions.irqhandler)
 .exceptions.irqhandler
                0x00000084        0x4 BSP/\libhal_bsp.a(alt_irq_entry.o)
 *(.exceptions.irqreturn.user)
 *(.exceptions.irqreturn)
 .exceptions.irqreturn
                0x00000088        0x4 BSP/\libhal_bsp.a(alt_irq_entry.o)
 *(.exceptions.notirq.label)
 .exceptions.notirq.label
                0x0000008c        0x0 BSP/\libhal_bsp.a(alt_irq_entry.o)
 *(.exceptions.notirq.user)
 *(.exceptions.notirq)
 .exceptions.notirq
                0x0000008c        0x8 BSP/\libhal_bsp.a(alt_exception_entry.o)
 *(.exceptions.soft.user)
 *(.exceptions.soft)
 *(.exceptions.unknown.user)
 *(.exceptions.unknown)
 .exceptions.unknown
                0x00000094        0x4 BSP/\libhal_bsp.a(alt_exception_entry.o)
 *(.exceptions.exit.label)
 .exceptions.exit.label
                0x00000098        0x0 BSP/\libhal_bsp.a(alt_irq_entry.o)
 .exceptions.exit.label
                0x00000098        0x0 BSP/\libhal_bsp.a(alt_exception_entry.o)
 *(.exceptions.exit.user)
 *(.exceptions.exit)
 .exceptions.exit
                0x00000098       0x54 BSP/\libhal_bsp.a(alt_exception_entry.o)
 *(.exceptions)
 .exceptions    0x000000ec       0x7c BSP/\libhal_bsp.a(alt_irq_handler.o)
                0x000000ec                alt_irq_handler
                0x00000168                PROVIDE (__ram_exceptions_end, ABSOLUTE (.))
                0x00000020                PROVIDE (__flash_exceptions_start, LOADADDR (.exceptions))

.text           0x00000168      0xe80
                0x00000168                PROVIDE (stext, ABSOLUTE (.))
 *(.interp)
 *(.hash)
 *(.dynsym)
 *(.dynstr)
 *(.gnu.version)
 *(.gnu.version_d)
 *(.gnu.version_r)
 *(.rel.init)
 *(.rela.init)
 *(.rel.text .rel.text.* .rel.gnu.linkonce.t.*)
 *(.rela.text .rela.text.* .rela.gnu.linkonce.t.*)
 *(.rel.fini)
 *(.rela.fini)
 *(.rel.rodata .rel.rodata.* .rel.gnu.linkonce.r.*)
 *(.rela.rodata .rela.rodata.* .rela.gnu.linkonce.r.*)
 *(.rel.data .rel.data.* .rel.gnu.linkonce.d.*)
 *(.rela.data .rela.data.* .rela.gnu.linkonce.d.*)
 *(.rel.tdata .rel.tdata.* .rel.gnu.linkonce.td.*)
 *(.rela.tdata .rela.tdata.* .rela.gnu.linkonce.td.*)
 *(.rel.tbss .rel.tbss.* .rel.gnu.linkonce.tb.*)
 *(.rela.tbss .rela.tbss.* .rela.gnu.linkonce.tb.*)
 *(.rel.ctors)
 *(.rela.ctors)
 *(.rel.dtors)
 *(.rela.dtors)
 *(.rel.got)
 *(.rela.got)
 *(.rel.sdata .rel.sdata.* .rel.gnu.linkonce.s.*)
 *(.rela.sdata .rela.sdata.* .rela.gnu.linkonce.s.*)
 *(.rel.sbss .rel.sbss.* .rel.gnu.linkonce.sb.*)
 *(.rela.sbss .rela.sbss.* .rela.gnu.linkonce.sb.*)
 *(.rel.sdata2 .rel.sdata2.* .rel.gnu.linkonce.s2.*)
 *(.rela.sdata2 .rela.sdata2.* .rela.gnu.linkonce.s2.*)
 *(.rel.sbss2 .rel.sbss2.* .rel.gnu.linkonce.sb2.*)
 *(.rela.sbss2 .rela.sbss2.* .rela.gnu.linkonce.sb2.*)
 *(.rel.bss .rel.bss.* .rel.gnu.linkonce.b.*)
 *(.rela.bss .rela.bss.* .rela.gnu.linkonce.b.*)
 *(.rel.plt)
 *(.rela.plt)
 *(.rel.dyn)
 *(.init)
 *(.plt)
 *(.text .stub .text.* .gnu.linkonce.t.*)
 .text          0x00000168       0x3c BSP//obj/HAL/src/crt0.o
                0x00000168                _start
 .text          0x000001a4       0x80 obj/default//H/engr220/lab11/ENGR220_Lab11_Example.o
                0x000001a4                main
 .text          0x00000224       0xc4 BSP/\libhal_bsp.a(alt_load.o)
                0x00000224                alt_load
 .text          0x000002e8       0x3c BSP/\libhal_bsp.a(alt_main.o)
                0x000002e8                alt_main
 .text          0x00000324       0x8c BSP/\libhal_bsp.a(alt_sys_init.o)
                0x00000324                alt_irq_init
                0x00000344                alt_sys_init
 .text          0x000003b0       0x80 BSP/\libhal_bsp.a(altera_avalon_timer_sc.o)
                0x000003b0                alt_avalon_timer_sc_init
 .text          0x00000430      0x30c BSP/\libhal_bsp.a(altera_up_avalon_character_lcd.o)
                0x00000430                get_DDRAM_addr
                0x0000044c                alt_up_character_lcd_string
                0x00000498                alt_up_character_lcd_write
                0x000004c4                alt_up_character_lcd_write_fd
                0x000004e4                alt_up_character_lcd_init
                0x000004f4                alt_up_character_lcd_send_cmd
                0x00000504                alt_up_character_lcd_cursor_blink_on
                0x00000520                alt_up_character_lcd_cursor_off
                0x0000053c                alt_up_character_lcd_erase_pos
                0x000005a8                alt_up_character_lcd_shift_display
                0x00000638                alt_up_character_lcd_shift_cursor
                0x000006c8                alt_up_character_lcd_set_cursor_pos
                0x0000071c                alt_up_character_lcd_open_dev
 .text          0x0000073c      0x1d4 BSP/\libhal_bsp.a(altera_up_avalon_rs232.o)
                0x0000073c                alt_up_rs232_check_parity
                0x00000748                alt_up_rs232_open_dev
                0x00000768                alt_up_rs232_read_data
                0x000007b4                alt_up_rs232_read_fd
                0x00000834                alt_up_rs232_get_available_space_in_write_FIFO
                0x00000844                alt_up_rs232_write_data
                0x0000085c                alt_up_rs232_write_fd
                0x000008cc                alt_up_rs232_disable_read_interrupt
                0x000008e8                alt_up_rs232_enable_read_interrupt
                0x00000900                alt_up_rs232_get_used_space_in_read_FIFO
 .text          0x00000910       0xdc BSP/\libhal_bsp.a(alt_close.o)
                0x00000910                close
 .text          0x000009ec        0x4 BSP/\libhal_bsp.a(alt_dcache_flush_all.o)
                0x000009ec                alt_dcache_flush_all
 .text          0x000009f0        0x8 BSP/\libhal_bsp.a(alt_dev.o)
 .text          0x000009f8       0x70 BSP/\libhal_bsp.a(alt_dev_llist_insert.o)
                0x000009f8                alt_dev_llist_insert
 .text          0x00000a68        0x0 BSP/\libhal_bsp.a(alt_errno.o)
 .text          0x00000a68       0x70 BSP/\libhal_bsp.a(alt_find_dev.o)
                0x00000a68                alt_find_dev
 .text          0x00000ad8       0x20 BSP/\libhal_bsp.a(alt_icache_flush_all.o)
                0x00000ad8                alt_icache_flush_all
 .text          0x00000af8       0xbc BSP/\libhal_bsp.a(alt_irq_register.o)
                0x00000af8                alt_irq_register
 .text          0x00000bb4        0x0 BSP/\libhal_bsp.a(alt_irq_vars.o)
 .text          0x00000bb4       0x24 BSP/\libhal_bsp.a(alt_release_fd.o)
                0x00000bb4                alt_release_fd
 .text          0x00000bd8       0xe0 BSP/\libhal_bsp.a(alt_tick.o)
                0x00000bd8                alt_alarm_stop
                0x00000c0c                alt_tick
 .text          0x00000cb8        0x8 BSP/\libhal_bsp.a(altera_nios2_qsys_irq.o)
                0x00000cb8                altera_nios2_qsys_irq_init
 .text          0x00000cc0       0x3c BSP/\libhal_bsp.a(alt_icache_flush.o)
                0x00000cc0                alt_icache_flush
 .text          0x00000cfc        0x0 BSP/\libhal_bsp.a(alt_irq_entry.o)
 .text          0x00000cfc        0x0 BSP/\libhal_bsp.a(alt_irq_handler.o)
 .text          0x00000cfc        0x0 BSP/\libhal_bsp.a(alt_exception_entry.o)
 .text          0x00000cfc       0x38 c:/altera/13sp1/nios2eds/bin/gnu/h-i686-mingw32/bin/../lib/gcc/nios2-elf/4.1.2/../../../../nios2-elf/lib\libc.a(lib_a-exit.o)
                0x00000cfc                exit
 .text          0x00000d34        0x0 c:/altera/13sp1/nios2eds/bin/gnu/h-i686-mingw32/bin/../lib/gcc/nios2-elf/4.1.2/../../../../nios2-elf/lib\libc.a(lib_a-impure.o)
 .text          0x00000d34        0x0 c:/altera/13sp1/nios2eds/bin/gnu/h-i686-mingw32/bin/../lib/gcc/nios2-elf/4.1.2/../../../../nios2-elf/lib\libc.a(lib_a-int_errno.o)
 .text          0x00000d34       0x74 c:/altera/13sp1/nios2eds/bin/gnu/h-i686-mingw32/bin/../lib/gcc/nios2-elf/4.1.2/../../../../nios2-elf/lib\libc.a(lib_a-memcmp.o)
                0x00000d34                memcmp
 .text          0x00000da8       0x74 c:/altera/13sp1/nios2eds/bin/gnu/h-i686-mingw32/bin/../lib/gcc/nios2-elf/4.1.2/../../../../nios2-elf/lib\libc.a(lib_a-strlen.o)
                0x00000da8                strlen
 .text          0x00000e1c      0x1b4 c:/altera/13sp1/nios2eds/bin/gnu/h-i686-mingw32/bin/../lib/gcc/nios2-elf/4.1.2/../../../../nios2-elf/lib\libc.a(lib_a-__call_atexit.o)
                0x00000e20                __call_exitprocs
 .text          0x00000fd0       0x14 BSP/\libhal_bsp.a(alt_exit.o)
                0x00000fd0                _exit
 *(.gnu.warning.*)
 *(.fini)
                0x00000fe4                PROVIDE (__etext, ABSOLUTE (.))
                0x00000fe4                PROVIDE (_etext, ABSOLUTE (.))
                0x00000fe4                PROVIDE (etext, ABSOLUTE (.))
 *(.eh_frame_hdr)
                0x00000fe4                . = ALIGN (0x4)
                0x00000fe4                PROVIDE (__preinit_array_start, ABSOLUTE (.))
 *(.preinit_array)
                0x00000fe4                PROVIDE (__preinit_array_end, ABSOLUTE (.))
                0x00000fe4                PROVIDE (__init_array_start, ABSOLUTE (.))
 *(.init_array)
                0x00000fe4                PROVIDE (__init_array_end, ABSOLUTE (.))
                0x00000fe4                PROVIDE (__fini_array_start, ABSOLUTE (.))
 *(.fini_array)
                0x00000fe4                PROVIDE (__fini_array_end, ABSOLUTE (.))
 *(.eh_frame)
 *(.gcc_except_table)
 *(.dynamic)
                0x00000fe4                PROVIDE (__CTOR_LIST__, ABSOLUTE (.))
 *(.ctors)
 *(SORT(.ctors.*))
 .ctors.65535   0x00000fe4        0x4 c:/altera/13sp1/nios2eds/bin/gnu/h-i686-mingw32/bin/../lib/gcc/nios2-elf/4.1.2/../../../../nios2-elf/lib\libc.a(lib_a-__call_atexit.o)
                0x00000fe8                PROVIDE (__CTOR_END__, ABSOLUTE (.))
                0x00000fe8                PROVIDE (__DTOR_LIST__, ABSOLUTE (.))
 *(.dtors)
 *(SORT(.dtors.*))
                0x00000fe8                PROVIDE (__DTOR_END__, ABSOLUTE (.))
 *(.jcr)
                0x00000fe8                . = ALIGN (0x4)

.rodata         0x00000fe8       0x40
                0x00000fe8                PROVIDE (__ram_rodata_start, ABSOLUTE (.))
                0x00000fe8                . = ALIGN (0x4)
 *(.rodata .rodata.* .gnu.linkonce.r.*)
 .rodata.str1.4
                0x00000fe8        0x9 obj/default//H/engr220/lab11/ENGR220_Lab11_Example.o
                                  0xc (size before relaxing)
 *fill*         0x00000ff1        0x3 00
 .rodata        0x00000ff4       0x18 obj/default//H/engr220/lab11/ENGR220_Lab11_Example.o
 .rodata.str1.4
                0x0000100c        0xa BSP/\libhal_bsp.a(alt_sys_init.o)
                                 0x18 (size before relaxing)
 *fill*         0x00001016        0x2 00
 .rodata.str1.4
                0x00001018        0xa BSP/\libhal_bsp.a(alt_dev.o)
                                  0xc (size before relaxing)
 *fill*         0x00001022        0x2 00
 .rodata.str1.4
                0x00001024        0x4 c:/altera/13sp1/nios2eds/bin/gnu/h-i686-mingw32/bin/../lib/gcc/nios2-elf/4.1.2/../../../../nios2-elf/lib\libc.a(lib_a-impure.o)
 *(.rodata1)
                0x00001028                . = ALIGN (0x4)
                0x00001028                PROVIDE (__ram_rodata_end, ABSOLUTE (.))
                0x00000fe8                PROVIDE (__flash_rodata_start, LOADADDR (.rodata))

.rwdata         0x00001028      0x62c load address 0x00001654
                0x00001028                PROVIDE (__ram_rwdata_start, ABSOLUTE (.))
                0x00001028                . = ALIGN (0x4)
 *(.got.plt)
 *(.got)
 *(.data1)
 *(.data .data.* .gnu.linkonce.d.*)
 .data          0x00001028        0x0 BSP//obj/HAL/src/crt0.o
 .data          0x00001028        0x0 obj/default//H/engr220/lab11/ENGR220_Lab11_Example.o
 .data          0x00001028        0x0 BSP/\libhal_bsp.a(alt_load.o)
 .data          0x00001028        0x0 BSP/\libhal_bsp.a(alt_main.o)
 .data          0x00001028       0x58 BSP/\libhal_bsp.a(alt_sys_init.o)
 .data          0x00001080        0x0 BSP/\libhal_bsp.a(altera_avalon_timer_sc.o)
 .data          0x00001080        0x0 BSP/\libhal_bsp.a(altera_up_avalon_character_lcd.o)
 .data          0x00001080        0x0 BSP/\libhal_bsp.a(altera_up_avalon_rs232.o)
 .data          0x00001080        0x0 BSP/\libhal_bsp.a(alt_close.o)
 .data          0x00001080        0x0 BSP/\libhal_bsp.a(alt_dcache_flush_all.o)
 .data          0x00001080      0x1a8 BSP/\libhal_bsp.a(alt_dev.o)
                0x00001080                alt_dev_null
                0x000010a8                alt_fd_list
 .data          0x00001228        0x0 BSP/\libhal_bsp.a(alt_dev_llist_insert.o)
 .data          0x00001228        0x0 BSP/\libhal_bsp.a(alt_errno.o)
 .data          0x00001228        0x0 BSP/\libhal_bsp.a(alt_find_dev.o)
 .data          0x00001228        0x0 BSP/\libhal_bsp.a(alt_icache_flush_all.o)
 .data          0x00001228        0x0 BSP/\libhal_bsp.a(alt_irq_register.o)
 .data          0x00001228        0x0 BSP/\libhal_bsp.a(alt_irq_vars.o)
 .data          0x00001228        0x0 BSP/\libhal_bsp.a(alt_release_fd.o)
 .data          0x00001228        0x0 BSP/\libhal_bsp.a(alt_tick.o)
 .data          0x00001228        0x0 BSP/\libhal_bsp.a(altera_nios2_qsys_irq.o)
 .data          0x00001228        0x0 BSP/\libhal_bsp.a(alt_icache_flush.o)
 .data          0x00001228        0x0 BSP/\libhal_bsp.a(alt_irq_entry.o)
 .data          0x00001228        0x0 BSP/\libhal_bsp.a(alt_irq_handler.o)
 .data          0x00001228        0x0 BSP/\libhal_bsp.a(alt_exception_entry.o)
 .data          0x00001228        0x0 c:/altera/13sp1/nios2eds/bin/gnu/h-i686-mingw32/bin/../lib/gcc/nios2-elf/4.1.2/../../../../nios2-elf/lib\libc.a(lib_a-exit.o)
 .data          0x00001228      0x400 c:/altera/13sp1/nios2eds/bin/gnu/h-i686-mingw32/bin/../lib/gcc/nios2-elf/4.1.2/../../../../nios2-elf/lib\libc.a(lib_a-impure.o)
 .data          0x00001628        0x0 c:/altera/13sp1/nios2eds/bin/gnu/h-i686-mingw32/bin/../lib/gcc/nios2-elf/4.1.2/../../../../nios2-elf/lib\libc.a(lib_a-int_errno.o)
 .data          0x00001628        0x0 c:/altera/13sp1/nios2eds/bin/gnu/h-i686-mingw32/bin/../lib/gcc/nios2-elf/4.1.2/../../../../nios2-elf/lib\libc.a(lib_a-memcmp.o)
 .data          0x00001628        0x0 c:/altera/13sp1/nios2eds/bin/gnu/h-i686-mingw32/bin/../lib/gcc/nios2-elf/4.1.2/../../../../nios2-elf/lib\libc.a(lib_a-strlen.o)
 .data          0x00001628        0x0 c:/altera/13sp1/nios2eds/bin/gnu/h-i686-mingw32/bin/../lib/gcc/nios2-elf/4.1.2/../../../../nios2-elf/lib\libc.a(lib_a-__call_atexit.o)
 .data          0x00001628        0x0 BSP/\libhal_bsp.a(alt_exit.o)
                0x00009628                _gp = ABSOLUTE ((. + 0x8000))
                0x00009628                PROVIDE (gp, _gp)
 *(.rwdata .rwdata.*)
 *(.sdata .sdata.* .gnu.linkonce.s.*)
 .sdata         0x00001628       0x14 BSP/\libhal_bsp.a(alt_dev.o)
                0x00001628                alt_fs_list
                0x00001630                alt_dev_list
                0x00001638                alt_max_fd
 .sdata         0x0000163c        0x4 BSP/\libhal_bsp.a(alt_errno.o)
                0x0000163c                alt_errno
 .sdata         0x00001640        0x4 BSP/\libhal_bsp.a(alt_irq_vars.o)
                0x00001640                alt_priority_mask
 .sdata         0x00001644        0x8 BSP/\libhal_bsp.a(alt_tick.o)
                0x00001644                alt_alarm_list
 .sdata         0x0000164c        0x8 c:/altera/13sp1/nios2eds/bin/gnu/h-i686-mingw32/bin/../lib/gcc/nios2-elf/4.1.2/../../../../nios2-elf/lib\libc.a(lib_a-impure.o)
                0x0000164c                _impure_ptr
                0x00001650                _global_impure_ptr
 *(.sdata2 .sdata2.* .gnu.linkonce.s2.*)
                0x00001654                . = ALIGN (0x4)
                0x00001654                _edata = ABSOLUTE (.)
                0x00001654                PROVIDE (edata, ABSOLUTE (.))
                0x00001654                PROVIDE (__ram_rwdata_end, ABSOLUTE (.))
                0x00001654                PROVIDE (__flash_rwdata_start, LOADADDR (.rwdata))

.bss            0x00001c80      0x11c
                0x00001c80                __bss_start = ABSOLUTE (.)
                0x00001c80                PROVIDE (__sbss_start, ABSOLUTE (.))
                0x00001c80                PROVIDE (___sbss_start, ABSOLUTE (.))
 *(.dynsbss)
 *(.sbss .sbss.* .gnu.linkonce.sb.*)
 .sbss          0x00001c80        0xc BSP/\libhal_bsp.a(alt_main.o)
                0x00001c80                alt_argc
                0x00001c84                alt_argv
                0x00001c88                alt_envp
 .sbss          0x00001c8c        0x4 BSP/\libhal_bsp.a(alt_irq_vars.o)
                0x00001c8c                alt_irq_active
 .sbss          0x00001c90        0x8 BSP/\libhal_bsp.a(alt_tick.o)
                0x00001c90                _alt_tick_rate
                0x00001c94                _alt_nticks
 .sbss          0x00001c98        0x4 c:/altera/13sp1/nios2eds/bin/gnu/h-i686-mingw32/bin/../lib/gcc/nios2-elf/4.1.2/../../../../nios2-elf/lib\libc.a(lib_a-int_errno.o)
                0x00001c98                errno
 *(.sbss2 .sbss2.* .gnu.linkonce.sb2.*)
 *(.scommon)
                0x00001c9c                PROVIDE (__sbss_end, ABSOLUTE (.))
                0x00001c9c                PROVIDE (___sbss_end, ABSOLUTE (.))
 *(.dynbss)
 *(.bss .bss.* .gnu.linkonce.b.*)
 .bss           0x00001c9c        0x0 BSP//obj/HAL/src/crt0.o
 .bss           0x00001c9c        0x0 obj/default//H/engr220/lab11/ENGR220_Lab11_Example.o
 .bss           0x00001c9c        0x0 BSP/\libhal_bsp.a(alt_load.o)
 .bss           0x00001c9c        0x0 BSP/\libhal_bsp.a(alt_main.o)
 .bss           0x00001c9c        0x0 BSP/\libhal_bsp.a(alt_sys_init.o)
 .bss           0x00001c9c        0x0 BSP/\libhal_bsp.a(altera_avalon_timer_sc.o)
 .bss           0x00001c9c        0x0 BSP/\libhal_bsp.a(altera_up_avalon_character_lcd.o)
 .bss           0x00001c9c        0x0 BSP/\libhal_bsp.a(altera_up_avalon_rs232.o)
 .bss           0x00001c9c        0x0 BSP/\libhal_bsp.a(alt_close.o)
 .bss           0x00001c9c        0x0 BSP/\libhal_bsp.a(alt_dcache_flush_all.o)
 .bss           0x00001c9c        0x0 BSP/\libhal_bsp.a(alt_dev.o)
 .bss           0x00001c9c        0x0 BSP/\libhal_bsp.a(alt_dev_llist_insert.o)
 .bss           0x00001c9c        0x0 BSP/\libhal_bsp.a(alt_errno.o)
 .bss           0x00001c9c        0x0 BSP/\libhal_bsp.a(alt_find_dev.o)
 .bss           0x00001c9c        0x0 BSP/\libhal_bsp.a(alt_icache_flush_all.o)
 .bss           0x00001c9c        0x0 BSP/\libhal_bsp.a(alt_irq_register.o)
 .bss           0x00001c9c        0x0 BSP/\libhal_bsp.a(alt_irq_vars.o)
 .bss           0x00001c9c        0x0 BSP/\libhal_bsp.a(alt_release_fd.o)
 .bss           0x00001c9c        0x0 BSP/\libhal_bsp.a(alt_tick.o)
 .bss           0x00001c9c        0x0 BSP/\libhal_bsp.a(altera_nios2_qsys_irq.o)
 .bss           0x00001c9c        0x0 BSP/\libhal_bsp.a(alt_icache_flush.o)
 .bss           0x00001c9c        0x0 BSP/\libhal_bsp.a(alt_irq_entry.o)
 .bss           0x00001c9c        0x0 BSP/\libhal_bsp.a(alt_irq_handler.o)
 .bss           0x00001c9c        0x0 BSP/\libhal_bsp.a(alt_exception_entry.o)
 .bss           0x00001c9c        0x0 c:/altera/13sp1/nios2eds/bin/gnu/h-i686-mingw32/bin/../lib/gcc/nios2-elf/4.1.2/../../../../nios2-elf/lib\libc.a(lib_a-exit.o)
 .bss           0x00001c9c        0x0 c:/altera/13sp1/nios2eds/bin/gnu/h-i686-mingw32/bin/../lib/gcc/nios2-elf/4.1.2/../../../../nios2-elf/lib\libc.a(lib_a-impure.o)
 .bss           0x00001c9c        0x0 c:/altera/13sp1/nios2eds/bin/gnu/h-i686-mingw32/bin/../lib/gcc/nios2-elf/4.1.2/../../../../nios2-elf/lib\libc.a(lib_a-int_errno.o)
 .bss           0x00001c9c        0x0 c:/altera/13sp1/nios2eds/bin/gnu/h-i686-mingw32/bin/../lib/gcc/nios2-elf/4.1.2/../../../../nios2-elf/lib\libc.a(lib_a-memcmp.o)
 .bss           0x00001c9c        0x0 c:/altera/13sp1/nios2eds/bin/gnu/h-i686-mingw32/bin/../lib/gcc/nios2-elf/4.1.2/../../../../nios2-elf/lib\libc.a(lib_a-strlen.o)
 .bss           0x00001c9c        0x0 c:/altera/13sp1/nios2eds/bin/gnu/h-i686-mingw32/bin/../lib/gcc/nios2-elf/4.1.2/../../../../nios2-elf/lib\libc.a(lib_a-__call_atexit.o)
 .bss           0x00001c9c        0x0 BSP/\libhal_bsp.a(alt_exit.o)
 *(COMMON)
 COMMON         0x00001c9c      0x100 BSP/\libhal_bsp.a(alt_irq_handler.o)
                0x00001c9c                alt_irq
                0x00001d9c                . = ALIGN (0x4)
                0x00001d9c                __bss_end = ABSOLUTE (.)

.RAM            0x00001d9c        0x0
                0x00001d9c                PROVIDE (_alt_partition_RAM_start, ABSOLUTE (.))
 *(.RAM. RAM.*)
                0x00001d9c                . = ALIGN (0x4)
                0x00001d9c                PROVIDE (_alt_partition_RAM_end, ABSOLUTE (.))
                0x00001d9c                _end = ABSOLUTE (.)
                0x00001d9c                end = ABSOLUTE (.)
                0x00001d9c                __alt_stack_base = ABSOLUTE (.)
                0x00001d9c                PROVIDE (_alt_partition_RAM_load_addr, LOADADDR (.RAM))

.stab
 *(.stab)

.stabstr
 *(.stabstr)

.stab.excl
 *(.stab.excl)

.stab.exclstr
 *(.stab.exclstr)

.stab.index
 *(.stab.index)

.stab.indexstr
 *(.stab.indexstr)

.comment        0x00000000       0x26
 *(.comment)
 .comment       0x00000000       0x26 obj/default//H/engr220/lab11/ENGR220_Lab11_Example.o
                                 0x27 (size before relaxing)
 .comment       0x00000000       0x27 BSP/\libhal_bsp.a(alt_load.o)
 .comment       0x00000000       0x27 BSP/\libhal_bsp.a(alt_main.o)
 .comment       0x00000000       0x27 BSP/\libhal_bsp.a(alt_sys_init.o)
 .comment       0x00000000       0x27 BSP/\libhal_bsp.a(altera_avalon_timer_sc.o)
 .comment       0x00000000       0x27 BSP/\libhal_bsp.a(altera_up_avalon_character_lcd.o)
 .comment       0x00000000       0x27 BSP/\libhal_bsp.a(altera_up_avalon_rs232.o)
 .comment       0x00000000       0x27 BSP/\libhal_bsp.a(alt_close.o)
 .comment       0x00000000       0x27 BSP/\libhal_bsp.a(alt_dcache_flush_all.o)
 .comment       0x00000000       0x27 BSP/\libhal_bsp.a(alt_dev.o)
 .comment       0x00000000       0x27 BSP/\libhal_bsp.a(alt_dev_llist_insert.o)
 .comment       0x00000000       0x27 BSP/\libhal_bsp.a(alt_errno.o)
 .comment       0x00000000       0x27 BSP/\libhal_bsp.a(alt_find_dev.o)
 .comment       0x00000000       0x27 BSP/\libhal_bsp.a(alt_icache_flush_all.o)
 .comment       0x00000000       0x27 BSP/\libhal_bsp.a(alt_irq_register.o)
 .comment       0x00000000       0x27 BSP/\libhal_bsp.a(alt_irq_vars.o)
 .comment       0x00000000       0x27 BSP/\libhal_bsp.a(alt_release_fd.o)
 .comment       0x00000000       0x27 BSP/\libhal_bsp.a(alt_tick.o)
 .comment       0x00000000       0x27 BSP/\libhal_bsp.a(altera_nios2_qsys_irq.o)
 .comment       0x00000000       0x27 BSP/\libhal_bsp.a(alt_icache_flush.o)
 .comment       0x00000000       0x27 BSP/\libhal_bsp.a(alt_irq_handler.o)
 .comment       0x00000000       0x27 c:/altera/13sp1/nios2eds/bin/gnu/h-i686-mingw32/bin/../lib/gcc/nios2-elf/4.1.2/../../../../nios2-elf/lib\libc.a(lib_a-exit.o)
 .comment       0x00000000       0x27 c:/altera/13sp1/nios2eds/bin/gnu/h-i686-mingw32/bin/../lib/gcc/nios2-elf/4.1.2/../../../../nios2-elf/lib\libc.a(lib_a-impure.o)
 .comment       0x00000000       0x27 c:/altera/13sp1/nios2eds/bin/gnu/h-i686-mingw32/bin/../lib/gcc/nios2-elf/4.1.2/../../../../nios2-elf/lib\libc.a(lib_a-int_errno.o)
 .comment       0x00000000       0x27 c:/altera/13sp1/nios2eds/bin/gnu/h-i686-mingw32/bin/../lib/gcc/nios2-elf/4.1.2/../../../../nios2-elf/lib\libc.a(lib_a-memcmp.o)
 .comment       0x00000000       0x27 c:/altera/13sp1/nios2eds/bin/gnu/h-i686-mingw32/bin/../lib/gcc/nios2-elf/4.1.2/../../../../nios2-elf/lib\libc.a(lib_a-strlen.o)
 .comment       0x00000000       0x27 c:/altera/13sp1/nios2eds/bin/gnu/h-i686-mingw32/bin/../lib/gcc/nios2-elf/4.1.2/../../../../nios2-elf/lib\libc.a(lib_a-__call_atexit.o)
 .comment       0x00000000       0x27 BSP/\libhal_bsp.a(alt_exit.o)

.debug
 *(.debug)

.line
 *(.line)

.debug_srcinfo
 *(.debug_srcinfo)

.debug_sfnames
 *(.debug_sfnames)

.debug_aranges  0x00000000      0x398
 *(.debug_aranges)
 .debug_aranges
                0x00000000       0x28 BSP//obj/HAL/src/crt0.o
 .debug_aranges
                0x00000028       0x20 obj/default//H/engr220/lab11/ENGR220_Lab11_Example.o
 .debug_aranges
                0x00000048       0x20 BSP/\libhal_bsp.a(alt_load.o)
 .debug_aranges
                0x00000068       0x20 BSP/\libhal_bsp.a(alt_main.o)
 .debug_aranges
                0x00000088       0x20 BSP/\libhal_bsp.a(alt_sys_init.o)
 .debug_aranges
                0x000000a8       0x20 BSP/\libhal_bsp.a(altera_avalon_timer_sc.o)
 .debug_aranges
                0x000000c8       0x20 BSP/\libhal_bsp.a(altera_up_avalon_character_lcd.o)
 .debug_aranges
                0x000000e8       0x20 BSP/\libhal_bsp.a(altera_up_avalon_rs232.o)
 .debug_aranges
                0x00000108       0x20 BSP/\libhal_bsp.a(alt_close.o)
 .debug_aranges
                0x00000128       0x20 BSP/\libhal_bsp.a(alt_dcache_flush_all.o)
 .debug_aranges
                0x00000148       0x20 BSP/\libhal_bsp.a(alt_dev.o)
 .debug_aranges
                0x00000168       0x20 BSP/\libhal_bsp.a(alt_dev_llist_insert.o)
 .debug_aranges
                0x00000188       0x20 BSP/\libhal_bsp.a(alt_find_dev.o)
 .debug_aranges
                0x000001a8       0x20 BSP/\libhal_bsp.a(alt_icache_flush_all.o)
 .debug_aranges
                0x000001c8       0x20 BSP/\libhal_bsp.a(alt_irq_register.o)
 .debug_aranges
                0x000001e8       0x20 BSP/\libhal_bsp.a(alt_release_fd.o)
 .debug_aranges
                0x00000208       0x20 BSP/\libhal_bsp.a(alt_tick.o)
 .debug_aranges
                0x00000228       0x20 BSP/\libhal_bsp.a(altera_nios2_qsys_irq.o)
 .debug_aranges
                0x00000248       0x20 BSP/\libhal_bsp.a(alt_icache_flush.o)
 .debug_aranges
                0x00000268       0x30 BSP/\libhal_bsp.a(alt_irq_entry.o)
 .debug_aranges
                0x00000298       0x28 BSP/\libhal_bsp.a(alt_irq_handler.o)
 .debug_aranges
                0x000002c0       0x38 BSP/\libhal_bsp.a(alt_exception_entry.o)
 .debug_aranges
                0x000002f8       0x20 c:/altera/13sp1/nios2eds/bin/gnu/h-i686-mingw32/bin/../lib/gcc/nios2-elf/4.1.2/../../../../nios2-elf/lib\libc.a(lib_a-exit.o)
 .debug_aranges
                0x00000318       0x20 c:/altera/13sp1/nios2eds/bin/gnu/h-i686-mingw32/bin/../lib/gcc/nios2-elf/4.1.2/../../../../nios2-elf/lib\libc.a(lib_a-memcmp.o)
 .debug_aranges
                0x00000338       0x20 c:/altera/13sp1/nios2eds/bin/gnu/h-i686-mingw32/bin/../lib/gcc/nios2-elf/4.1.2/../../../../nios2-elf/lib\libc.a(lib_a-strlen.o)
 .debug_aranges
                0x00000358       0x20 c:/altera/13sp1/nios2eds/bin/gnu/h-i686-mingw32/bin/../lib/gcc/nios2-elf/4.1.2/../../../../nios2-elf/lib\libc.a(lib_a-__call_atexit.o)
 .debug_aranges
                0x00000378       0x20 BSP/\libhal_bsp.a(alt_exit.o)

.debug_pubnames
                0x00000000      0x7bc
 *(.debug_pubnames)
 .debug_pubnames
                0x00000000       0x1b obj/default//H/engr220/lab11/ENGR220_Lab11_Example.o
 .debug_pubnames
                0x0000001b       0x1f BSP/\libhal_bsp.a(alt_load.o)
 .debug_pubnames
                0x0000003a       0x46 BSP/\libhal_bsp.a(alt_main.o)
 .debug_pubnames
                0x00000080       0x34 BSP/\libhal_bsp.a(alt_sys_init.o)
 .debug_pubnames
                0x000000b4       0x2f BSP/\libhal_bsp.a(altera_avalon_timer_sc.o)
 .debug_pubnames
                0x000000e3      0x1cd BSP/\libhal_bsp.a(altera_up_avalon_character_lcd.o)
 .debug_pubnames
                0x000002b0      0x163 BSP/\libhal_bsp.a(altera_up_avalon_rs232.o)
 .debug_pubnames
                0x00000413       0x1c BSP/\libhal_bsp.a(alt_close.o)
 .debug_pubnames
                0x0000042f       0x2b BSP/\libhal_bsp.a(alt_dcache_flush_all.o)
 .debug_pubnames
                0x0000045a       0x63 BSP/\libhal_bsp.a(alt_dev.o)
 .debug_pubnames
                0x000004bd       0x2b BSP/\libhal_bsp.a(alt_dev_llist_insert.o)
 .debug_pubnames
                0x000004e8       0x20 BSP/\libhal_bsp.a(alt_errno.o)
 .debug_pubnames
                0x00000508       0x23 BSP/\libhal_bsp.a(alt_find_dev.o)
 .debug_pubnames
                0x0000052b       0x2b BSP/\libhal_bsp.a(alt_icache_flush_all.o)
 .debug_pubnames
                0x00000556       0x27 BSP/\libhal_bsp.a(alt_irq_register.o)
 .debug_pubnames
                0x0000057d       0x3b BSP/\libhal_bsp.a(alt_irq_vars.o)
 .debug_pubnames
                0x000005b8       0x25 BSP/\libhal_bsp.a(alt_release_fd.o)
 .debug_pubnames
                0x000005dd       0x68 BSP/\libhal_bsp.a(alt_tick.o)
 .debug_pubnames
                0x00000645       0x31 BSP/\libhal_bsp.a(altera_nios2_qsys_irq.o)
 .debug_pubnames
                0x00000676       0x27 BSP/\libhal_bsp.a(alt_icache_flush.o)
 .debug_pubnames
                0x0000069d       0x32 BSP/\libhal_bsp.a(alt_irq_handler.o)
 .debug_pubnames
                0x000006cf       0x1b c:/altera/13sp1/nios2eds/bin/gnu/h-i686-mingw32/bin/../lib/gcc/nios2-elf/4.1.2/../../../../nios2-elf/lib\libc.a(lib_a-exit.o)
 .debug_pubnames
                0x000006ea       0x39 c:/altera/13sp1/nios2eds/bin/gnu/h-i686-mingw32/bin/../lib/gcc/nios2-elf/4.1.2/../../../../nios2-elf/lib\libc.a(lib_a-impure.o)
 .debug_pubnames
                0x00000723       0x1c c:/altera/13sp1/nios2eds/bin/gnu/h-i686-mingw32/bin/../lib/gcc/nios2-elf/4.1.2/../../../../nios2-elf/lib\libc.a(lib_a-int_errno.o)
 .debug_pubnames
                0x0000073f       0x1d c:/altera/13sp1/nios2eds/bin/gnu/h-i686-mingw32/bin/../lib/gcc/nios2-elf/4.1.2/../../../../nios2-elf/lib\libc.a(lib_a-memcmp.o)
 .debug_pubnames
                0x0000075c       0x1d c:/altera/13sp1/nios2eds/bin/gnu/h-i686-mingw32/bin/../lib/gcc/nios2-elf/4.1.2/../../../../nios2-elf/lib\libc.a(lib_a-strlen.o)
 .debug_pubnames
                0x00000779       0x27 c:/altera/13sp1/nios2eds/bin/gnu/h-i686-mingw32/bin/../lib/gcc/nios2-elf/4.1.2/../../../../nios2-elf/lib\libc.a(lib_a-__call_atexit.o)
 .debug_pubnames
                0x000007a0       0x1c BSP/\libhal_bsp.a(alt_exit.o)

.debug_info     0x00000000     0x54d1
 *(.debug_info .gnu.linkonce.wi.*)
 .debug_info    0x00000000       0x46 BSP//obj/HAL/src/crt0.o
 .debug_info    0x00000046      0x34a obj/default//H/engr220/lab11/ENGR220_Lab11_Example.o
 .debug_info    0x00000390      0x1a1 BSP/\libhal_bsp.a(alt_load.o)
 .debug_info    0x00000531      0x161 BSP/\libhal_bsp.a(alt_main.o)
 .debug_info    0x00000692      0x43f BSP/\libhal_bsp.a(alt_sys_init.o)
 .debug_info    0x00000ad1      0x24d BSP/\libhal_bsp.a(altera_avalon_timer_sc.o)
 .debug_info    0x00000d1e      0x653 BSP/\libhal_bsp.a(altera_up_avalon_character_lcd.o)
 .debug_info    0x00001371      0x5aa BSP/\libhal_bsp.a(altera_up_avalon_rs232.o)
 .debug_info    0x0000191b      0x364 BSP/\libhal_bsp.a(alt_close.o)
 .debug_info    0x00001c7f       0x8d BSP/\libhal_bsp.a(alt_dcache_flush_all.o)
 .debug_info    0x00001d0c      0x4dd BSP/\libhal_bsp.a(alt_dev.o)
 .debug_info    0x000021e9      0x1b7 BSP/\libhal_bsp.a(alt_dev_llist_insert.o)
 .debug_info    0x000023a0       0xab BSP/\libhal_bsp.a(alt_errno.o)
 .debug_info    0x0000244b      0x310 BSP/\libhal_bsp.a(alt_find_dev.o)
 .debug_info    0x0000275b       0x8f BSP/\libhal_bsp.a(alt_icache_flush_all.o)
 .debug_info    0x000027ea      0x318 BSP/\libhal_bsp.a(alt_irq_register.o)
 .debug_info    0x00002b02       0x92 BSP/\libhal_bsp.a(alt_irq_vars.o)
 .debug_info    0x00002b94      0x2d9 BSP/\libhal_bsp.a(alt_release_fd.o)
 .debug_info    0x00002e6d      0x2bb BSP/\libhal_bsp.a(alt_tick.o)
 .debug_info    0x00003128       0xb7 BSP/\libhal_bsp.a(altera_nios2_qsys_irq.o)
 .debug_info    0x000031df       0xd5 BSP/\libhal_bsp.a(alt_icache_flush.o)
 .debug_info    0x000032b4       0x4f BSP/\libhal_bsp.a(alt_irq_entry.o)
 .debug_info    0x00003303      0x18f BSP/\libhal_bsp.a(alt_irq_handler.o)
 .debug_info    0x00003492       0x55 BSP/\libhal_bsp.a(alt_exception_entry.o)
 .debug_info    0x000034e7      0x93f c:/altera/13sp1/nios2eds/bin/gnu/h-i686-mingw32/bin/../lib/gcc/nios2-elf/4.1.2/../../../../nios2-elf/lib\libc.a(lib_a-exit.o)
 .debug_info    0x00003e26      0x93d c:/altera/13sp1/nios2eds/bin/gnu/h-i686-mingw32/bin/../lib/gcc/nios2-elf/4.1.2/../../../../nios2-elf/lib\libc.a(lib_a-impure.o)
 .debug_info    0x00004763       0x8c c:/altera/13sp1/nios2eds/bin/gnu/h-i686-mingw32/bin/../lib/gcc/nios2-elf/4.1.2/../../../../nios2-elf/lib\libc.a(lib_a-int_errno.o)
 .debug_info    0x000047ef      0x115 c:/altera/13sp1/nios2eds/bin/gnu/h-i686-mingw32/bin/../lib/gcc/nios2-elf/4.1.2/../../../../nios2-elf/lib\libc.a(lib_a-memcmp.o)
 .debug_info    0x00004904       0xdb c:/altera/13sp1/nios2eds/bin/gnu/h-i686-mingw32/bin/../lib/gcc/nios2-elf/4.1.2/../../../../nios2-elf/lib\libc.a(lib_a-strlen.o)
 .debug_info    0x000049df      0x9e2 c:/altera/13sp1/nios2eds/bin/gnu/h-i686-mingw32/bin/../lib/gcc/nios2-elf/4.1.2/../../../../nios2-elf/lib\libc.a(lib_a-__call_atexit.o)
 .debug_info    0x000053c1      0x110 BSP/\libhal_bsp.a(alt_exit.o)

.debug_abbrev   0x00000000     0x19df
 *(.debug_abbrev)
 .debug_abbrev  0x00000000       0x12 BSP//obj/HAL/src/crt0.o
 .debug_abbrev  0x00000012       0xe1 obj/default//H/engr220/lab11/ENGR220_Lab11_Example.o
 .debug_abbrev  0x000000f3       0xb6 BSP/\libhal_bsp.a(alt_load.o)
 .debug_abbrev  0x000001a9       0xbe BSP/\libhal_bsp.a(alt_main.o)
 .debug_abbrev  0x00000267      0x15a BSP/\libhal_bsp.a(alt_sys_init.o)
 .debug_abbrev  0x000003c1      0x14b BSP/\libhal_bsp.a(altera_avalon_timer_sc.o)
 .debug_abbrev  0x0000050c      0x182 BSP/\libhal_bsp.a(altera_up_avalon_character_lcd.o)
 .debug_abbrev  0x0000068e      0x155 BSP/\libhal_bsp.a(altera_up_avalon_rs232.o)
 .debug_abbrev  0x000007e3      0x124 BSP/\libhal_bsp.a(alt_close.o)
 .debug_abbrev  0x00000907       0x3f BSP/\libhal_bsp.a(alt_dcache_flush_all.o)
 .debug_abbrev  0x00000946       0xd6 BSP/\libhal_bsp.a(alt_dev.o)
 .debug_abbrev  0x00000a1c      0x117 BSP/\libhal_bsp.a(alt_dev_llist_insert.o)
 .debug_abbrev  0x00000b33       0x5e BSP/\libhal_bsp.a(alt_errno.o)
 .debug_abbrev  0x00000b91       0xed BSP/\libhal_bsp.a(alt_find_dev.o)
 .debug_abbrev  0x00000c7e       0x3f BSP/\libhal_bsp.a(alt_icache_flush_all.o)
 .debug_abbrev  0x00000cbd      0x1a8 BSP/\libhal_bsp.a(alt_irq_register.o)
 .debug_abbrev  0x00000e65       0x44 BSP/\libhal_bsp.a(alt_irq_vars.o)
 .debug_abbrev  0x00000ea9       0xdb BSP/\libhal_bsp.a(alt_release_fd.o)
 .debug_abbrev  0x00000f84      0x170 BSP/\libhal_bsp.a(alt_tick.o)
 .debug_abbrev  0x000010f4       0x64 BSP/\libhal_bsp.a(altera_nios2_qsys_irq.o)
 .debug_abbrev  0x00001158       0x89 BSP/\libhal_bsp.a(alt_icache_flush.o)
 .debug_abbrev  0x000011e1       0x12 BSP/\libhal_bsp.a(alt_irq_entry.o)
 .debug_abbrev  0x000011f3      0x12f BSP/\libhal_bsp.a(alt_irq_handler.o)
 .debug_abbrev  0x00001322       0x12 BSP/\libhal_bsp.a(alt_exception_entry.o)
 .debug_abbrev  0x00001334      0x16e c:/altera/13sp1/nios2eds/bin/gnu/h-i686-mingw32/bin/../lib/gcc/nios2-elf/4.1.2/../../../../nios2-elf/lib\libc.a(lib_a-exit.o)
 .debug_abbrev  0x000014a2      0x157 c:/altera/13sp1/nios2eds/bin/gnu/h-i686-mingw32/bin/../lib/gcc/nios2-elf/4.1.2/../../../../nios2-elf/lib\libc.a(lib_a-impure.o)
 .debug_abbrev  0x000015f9       0x3b c:/altera/13sp1/nios2eds/bin/gnu/h-i686-mingw32/bin/../lib/gcc/nios2-elf/4.1.2/../../../../nios2-elf/lib\libc.a(lib_a-int_errno.o)
 .debug_abbrev  0x00001634       0x7c c:/altera/13sp1/nios2eds/bin/gnu/h-i686-mingw32/bin/../lib/gcc/nios2-elf/4.1.2/../../../../nios2-elf/lib\libc.a(lib_a-memcmp.o)
 .debug_abbrev  0x000016b0       0x8b c:/altera/13sp1/nios2eds/bin/gnu/h-i686-mingw32/bin/../lib/gcc/nios2-elf/4.1.2/../../../../nios2-elf/lib\libc.a(lib_a-strlen.o)
 .debug_abbrev  0x0000173b      0x1de c:/altera/13sp1/nios2eds/bin/gnu/h-i686-mingw32/bin/../lib/gcc/nios2-elf/4.1.2/../../../../nios2-elf/lib\libc.a(lib_a-__call_atexit.o)
 .debug_abbrev  0x00001919       0xc6 BSP/\libhal_bsp.a(alt_exit.o)

.debug_line     0x00000000     0x416a
 *(.debug_line)
 .debug_line    0x00000000       0x6c BSP//obj/HAL/src/crt0.o
 .debug_line    0x0000006c      0x1ce obj/default//H/engr220/lab11/ENGR220_Lab11_Example.o
 .debug_line    0x0000023a      0x26f BSP/\libhal_bsp.a(alt_load.o)
 .debug_line    0x000004a9      0x2c2 BSP/\libhal_bsp.a(alt_main.o)
 .debug_line    0x0000076b      0x2cf BSP/\libhal_bsp.a(alt_sys_init.o)
 .debug_line    0x00000a3a      0x2b0 BSP/\libhal_bsp.a(altera_avalon_timer_sc.o)
 .debug_line    0x00000cea      0x438 BSP/\libhal_bsp.a(altera_up_avalon_character_lcd.o)
 .debug_line    0x00001122      0x37e BSP/\libhal_bsp.a(altera_up_avalon_rs232.o)
 .debug_line    0x000014a0      0x281 BSP/\libhal_bsp.a(alt_close.o)
 .debug_line    0x00001721      0x1b1 BSP/\libhal_bsp.a(alt_dcache_flush_all.o)
 .debug_line    0x000018d2      0x248 BSP/\libhal_bsp.a(alt_dev.o)
 .debug_line    0x00001b1a      0x232 BSP/\libhal_bsp.a(alt_dev_llist_insert.o)
 .debug_line    0x00001d4c      0x1a6 BSP/\libhal_bsp.a(alt_errno.o)
 .debug_line    0x00001ef2      0x257 BSP/\libhal_bsp.a(alt_find_dev.o)
 .debug_line    0x00002149      0x1b9 BSP/\libhal_bsp.a(alt_icache_flush_all.o)
 .debug_line    0x00002302      0x288 BSP/\libhal_bsp.a(alt_irq_register.o)
 .debug_line    0x0000258a       0x72 BSP/\libhal_bsp.a(alt_irq_vars.o)
 .debug_line    0x000025fc       0xe5 BSP/\libhal_bsp.a(alt_release_fd.o)
 .debug_line    0x000026e1      0x2c7 BSP/\libhal_bsp.a(alt_tick.o)
 .debug_line    0x000029a8      0x1e3 BSP/\libhal_bsp.a(altera_nios2_qsys_irq.o)
 .debug_line    0x00002b8b      0x1e5 BSP/\libhal_bsp.a(alt_icache_flush.o)
 .debug_line    0x00002d70       0x6b BSP/\libhal_bsp.a(alt_irq_entry.o)
 .debug_line    0x00002ddb      0x23c BSP/\libhal_bsp.a(alt_irq_handler.o)
 .debug_line    0x00003017       0xab BSP/\libhal_bsp.a(alt_exception_entry.o)
 .debug_line    0x000030c2      0x238 c:/altera/13sp1/nios2eds/bin/gnu/h-i686-mingw32/bin/../lib/gcc/nios2-elf/4.1.2/../../../../nios2-elf/lib\libc.a(lib_a-exit.o)
 .debug_line    0x000032fa      0x22d c:/altera/13sp1/nios2eds/bin/gnu/h-i686-mingw32/bin/../lib/gcc/nios2-elf/4.1.2/../../../../nios2-elf/lib\libc.a(lib_a-impure.o)
 .debug_line    0x00003527      0x1df c:/altera/13sp1/nios2eds/bin/gnu/h-i686-mingw32/bin/../lib/gcc/nios2-elf/4.1.2/../../../../nios2-elf/lib\libc.a(lib_a-int_errno.o)
 .debug_line    0x00003706      0x29f c:/altera/13sp1/nios2eds/bin/gnu/h-i686-mingw32/bin/../lib/gcc/nios2-elf/4.1.2/../../../../nios2-elf/lib\libc.a(lib_a-memcmp.o)
 .debug_line    0x000039a5      0x26d c:/altera/13sp1/nios2eds/bin/gnu/h-i686-mingw32/bin/../lib/gcc/nios2-elf/4.1.2/../../../../nios2-elf/lib\libc.a(lib_a-strlen.o)
 .debug_line    0x00003c12      0x367 c:/altera/13sp1/nios2eds/bin/gnu/h-i686-mingw32/bin/../lib/gcc/nios2-elf/4.1.2/../../../../nios2-elf/lib\libc.a(lib_a-__call_atexit.o)
 .debug_line    0x00003f79      0x1f1 BSP/\libhal_bsp.a(alt_exit.o)

.debug_frame    0x00000000      0x5b8
 *(.debug_frame)
 .debug_frame   0x00000000       0x28 obj/default//H/engr220/lab11/ENGR220_Lab11_Example.o
 .debug_frame   0x00000028       0x28 BSP/\libhal_bsp.a(alt_load.o)
 .debug_frame   0x00000050       0x28 BSP/\libhal_bsp.a(alt_main.o)
 .debug_frame   0x00000078       0x44 BSP/\libhal_bsp.a(alt_sys_init.o)
 .debug_frame   0x000000bc       0x40 BSP/\libhal_bsp.a(altera_avalon_timer_sc.o)
 .debug_frame   0x000000fc      0x134 BSP/\libhal_bsp.a(altera_up_avalon_character_lcd.o)
 .debug_frame   0x00000230       0xe4 BSP/\libhal_bsp.a(altera_up_avalon_rs232.o)
 .debug_frame   0x00000314       0x2c BSP/\libhal_bsp.a(alt_close.o)
 .debug_frame   0x00000340       0x20 BSP/\libhal_bsp.a(alt_dcache_flush_all.o)
 .debug_frame   0x00000360       0x20 BSP/\libhal_bsp.a(alt_dev.o)
 .debug_frame   0x00000380       0x28 BSP/\libhal_bsp.a(alt_dev_llist_insert.o)
 .debug_frame   0x000003a8       0x30 BSP/\libhal_bsp.a(alt_find_dev.o)
 .debug_frame   0x000003d8       0x28 BSP/\libhal_bsp.a(alt_icache_flush_all.o)
 .debug_frame   0x00000400       0x20 BSP/\libhal_bsp.a(alt_irq_register.o)
 .debug_frame   0x00000420       0x20 BSP/\libhal_bsp.a(alt_release_fd.o)
 .debug_frame   0x00000440       0x3c BSP/\libhal_bsp.a(alt_tick.o)
 .debug_frame   0x0000047c       0x20 BSP/\libhal_bsp.a(altera_nios2_qsys_irq.o)
 .debug_frame   0x0000049c       0x20 BSP/\libhal_bsp.a(alt_icache_flush.o)
 .debug_frame   0x000004bc       0x28 BSP/\libhal_bsp.a(alt_irq_handler.o)
 .debug_frame   0x000004e4       0x28 c:/altera/13sp1/nios2eds/bin/gnu/h-i686-mingw32/bin/../lib/gcc/nios2-elf/4.1.2/../../../../nios2-elf/lib\libc.a(lib_a-exit.o)
 .debug_frame   0x0000050c       0x20 c:/altera/13sp1/nios2eds/bin/gnu/h-i686-mingw32/bin/../lib/gcc/nios2-elf/4.1.2/../../../../nios2-elf/lib\libc.a(lib_a-memcmp.o)
 .debug_frame   0x0000052c       0x20 c:/altera/13sp1/nios2eds/bin/gnu/h-i686-mingw32/bin/../lib/gcc/nios2-elf/4.1.2/../../../../nios2-elf/lib\libc.a(lib_a-strlen.o)
 .debug_frame   0x0000054c       0x4c c:/altera/13sp1/nios2eds/bin/gnu/h-i686-mingw32/bin/../lib/gcc/nios2-elf/4.1.2/../../../../nios2-elf/lib\libc.a(lib_a-__call_atexit.o)
 .debug_frame   0x00000598       0x20 BSP/\libhal_bsp.a(alt_exit.o)

.debug_str      0x00000000     0x12d1
 *(.debug_str)
 .debug_str     0x00000000      0x173 obj/default//H/engr220/lab11/ENGR220_Lab11_Example.o
                                0x1d7 (size before relaxing)
 .debug_str     0x00000173       0xfe BSP/\libhal_bsp.a(alt_load.o)
                                0x19b (size before relaxing)
 .debug_str     0x00000271       0x65 BSP/\libhal_bsp.a(alt_main.o)
                                0x14f (size before relaxing)
 .debug_str     0x000002d6       0xa1 BSP/\libhal_bsp.a(alt_sys_init.o)
                                0x24d (size before relaxing)
 .debug_str     0x00000377       0xb6 BSP/\libhal_bsp.a(altera_avalon_timer_sc.o)
                                0x1ee (size before relaxing)
 .debug_str     0x0000042d      0x1ea BSP/\libhal_bsp.a(altera_up_avalon_character_lcd.o)
                                0x37a (size before relaxing)
 .debug_str     0x00000617      0x182 BSP/\libhal_bsp.a(altera_up_avalon_rs232.o)
                                0x2f5 (size before relaxing)
 .debug_str     0x00000799       0x44 BSP/\libhal_bsp.a(alt_close.o)
                                0x194 (size before relaxing)
 .debug_str     0x000007dd       0x34 BSP/\libhal_bsp.a(alt_dcache_flush_all.o)
                                 0xde (size before relaxing)
 .debug_str     0x00000811      0x120 BSP/\libhal_bsp.a(alt_dev.o)
                                0x28e (size before relaxing)
 .debug_str     0x00000931       0x59 BSP/\libhal_bsp.a(alt_dev_llist_insert.o)
                                0x155 (size before relaxing)
 .debug_str     0x0000098a       0x14 BSP/\libhal_bsp.a(alt_errno.o)
                                 0xce (size before relaxing)
 .debug_str     0x0000099e       0x24 BSP/\libhal_bsp.a(alt_find_dev.o)
                                0x175 (size before relaxing)
 .debug_str     0x000009c2       0x34 BSP/\libhal_bsp.a(alt_icache_flush_all.o)
                                 0xde (size before relaxing)
 .debug_str     0x000009f6       0x77 BSP/\libhal_bsp.a(alt_irq_register.o)
                                0x191 (size before relaxing)
 .debug_str     0x00000a6d       0x17 BSP/\libhal_bsp.a(alt_irq_vars.o)
                                 0xd8 (size before relaxing)
 .debug_str     0x00000a84       0x28 BSP/\libhal_bsp.a(alt_release_fd.o)
                                0x171 (size before relaxing)
 .debug_str     0x00000aac       0x78 BSP/\libhal_bsp.a(alt_tick.o)
                                0x1fc (size before relaxing)
 .debug_str     0x00000b24       0x3b BSP/\libhal_bsp.a(altera_nios2_qsys_irq.o)
                                0x10e (size before relaxing)
 .debug_str     0x00000b5f       0x2c BSP/\libhal_bsp.a(alt_icache_flush.o)
                                 0xe4 (size before relaxing)
 .debug_str     0x00000b8b       0x3a BSP/\libhal_bsp.a(alt_irq_handler.o)
                                0x141 (size before relaxing)
 .debug_str     0x00000bc5      0x42f c:/altera/13sp1/nios2eds/bin/gnu/h-i686-mingw32/bin/../lib/gcc/nios2-elf/4.1.2/../../../../nios2-elf/lib\libc.a(lib_a-exit.o)
                                0x50c (size before relaxing)
 .debug_str     0x00000ff4       0xd1 c:/altera/13sp1/nios2eds/bin/gnu/h-i686-mingw32/bin/../lib/gcc/nios2-elf/4.1.2/../../../../nios2-elf/lib\libc.a(lib_a-impure.o)
                                0x51a (size before relaxing)
 .debug_str     0x000010c5       0x3d c:/altera/13sp1/nios2eds/bin/gnu/h-i686-mingw32/bin/../lib/gcc/nios2-elf/4.1.2/../../../../nios2-elf/lib\libc.a(lib_a-int_errno.o)
                                0x163 (size before relaxing)
 .debug_str     0x00001102       0xd5 c:/altera/13sp1/nios2eds/bin/gnu/h-i686-mingw32/bin/../lib/gcc/nios2-elf/4.1.2/../../../../nios2-elf/lib\libc.a(lib_a-memcmp.o)
                                0x16a (size before relaxing)
 .debug_str     0x000011d7       0x4f c:/altera/13sp1/nios2eds/bin/gnu/h-i686-mingw32/bin/../lib/gcc/nios2-elf/4.1.2/../../../../nios2-elf/lib\libc.a(lib_a-strlen.o)
                                0x17d (size before relaxing)
 .debug_str     0x00001226       0x7b c:/altera/13sp1/nios2eds/bin/gnu/h-i686-mingw32/bin/../lib/gcc/nios2-elf/4.1.2/../../../../nios2-elf/lib\libc.a(lib_a-__call_atexit.o)
                                0x54e (size before relaxing)
 .debug_str     0x000012a1       0x30 BSP/\libhal_bsp.a(alt_exit.o)
                                0x103 (size before relaxing)

.debug_loc      0x00000000      0xe92
 *(.debug_loc)
 .debug_loc     0x00000000       0x32 obj/default//H/engr220/lab11/ENGR220_Lab11_Example.o
 .debug_loc     0x00000032       0xeb BSP/\libhal_bsp.a(alt_load.o)
 .debug_loc     0x0000011d       0x1f BSP/\libhal_bsp.a(alt_main.o)
 .debug_loc     0x0000013c       0x51 BSP/\libhal_bsp.a(alt_sys_init.o)
 .debug_loc     0x0000018d       0xd9 BSP/\libhal_bsp.a(altera_avalon_timer_sc.o)
 .debug_loc     0x00000266      0x39a BSP/\libhal_bsp.a(altera_up_avalon_character_lcd.o)
 .debug_loc     0x00000600      0x23b BSP/\libhal_bsp.a(altera_up_avalon_rs232.o)
 .debug_loc     0x0000083b       0x9a BSP/\libhal_bsp.a(alt_close.o)
 .debug_loc     0x000008d5       0x5b BSP/\libhal_bsp.a(alt_dev_llist_insert.o)
 .debug_loc     0x00000930       0x81 BSP/\libhal_bsp.a(alt_find_dev.o)
 .debug_loc     0x000009b1       0x1f BSP/\libhal_bsp.a(alt_icache_flush_all.o)
 .debug_loc     0x000009d0       0x78 BSP/\libhal_bsp.a(alt_irq_register.o)
 .debug_loc     0x00000a48       0x66 BSP/\libhal_bsp.a(alt_tick.o)
 .debug_loc     0x00000aae       0x13 BSP/\libhal_bsp.a(alt_icache_flush.o)
 .debug_loc     0x00000ac1       0x79 BSP/\libhal_bsp.a(alt_irq_handler.o)
 .debug_loc     0x00000b3a       0x3d c:/altera/13sp1/nios2eds/bin/gnu/h-i686-mingw32/bin/../lib/gcc/nios2-elf/4.1.2/../../../../nios2-elf/lib\libc.a(lib_a-exit.o)
 .debug_loc     0x00000b77      0x114 c:/altera/13sp1/nios2eds/bin/gnu/h-i686-mingw32/bin/../lib/gcc/nios2-elf/4.1.2/../../../../nios2-elf/lib\libc.a(lib_a-memcmp.o)
 .debug_loc     0x00000c8b       0x3c c:/altera/13sp1/nios2eds/bin/gnu/h-i686-mingw32/bin/../lib/gcc/nios2-elf/4.1.2/../../../../nios2-elf/lib\libc.a(lib_a-strlen.o)
 .debug_loc     0x00000cc7      0x1cb c:/altera/13sp1/nios2eds/bin/gnu/h-i686-mingw32/bin/../lib/gcc/nios2-elf/4.1.2/../../../../nios2-elf/lib\libc.a(lib_a-__call_atexit.o)

.debug_macinfo
 *(.debug_macinfo)

.debug_weaknames
 *(.debug_weaknames)

.debug_funcnames
 *(.debug_funcnames)

.debug_typenames
 *(.debug_typenames)

.debug_varnames
 *(.debug_varnames)

.debug_alt_sim_info
                0x00000000       0x20
 *(.debug_alt_sim_info)
 .debug_alt_sim_info
                0x00000000       0x20 BSP//obj/HAL/src/crt0.o
                0x00008000                __alt_data_end = 0x8000
                0x00008000                PROVIDE (__alt_stack_pointer, __alt_data_end)
                0x00001d9c                PROVIDE (__alt_stack_limit, __alt_stack_base)
                0x00001d9c                PROVIDE (__alt_heap_start, end)
                0x00008000                PROVIDE (__alt_heap_limit, 0x8000)
OUTPUT(H:/engr220/lab11/ENGR220_Lab11_Example.elf elf32-littlenios2)

.debug_ranges   0x00000000       0xf0
 .debug_ranges  0x00000000       0x20 BSP//obj/HAL/src/crt0.o
 .debug_ranges  0x00000020       0x48 BSP/\libhal_bsp.a(alt_load.o)
 .debug_ranges  0x00000068       0x28 BSP/\libhal_bsp.a(alt_irq_entry.o)
 .debug_ranges  0x00000090       0x18 BSP/\libhal_bsp.a(alt_irq_handler.o)
 .debug_ranges  0x000000a8       0x30 BSP/\libhal_bsp.a(alt_exception_entry.o)
 .debug_ranges  0x000000d8       0x18 c:/altera/13sp1/nios2eds/bin/gnu/h-i686-mingw32/bin/../lib/gcc/nios2-elf/4.1.2/../../../../nios2-elf/lib\libc.a(lib_a-__call_atexit.o)
